Right Number is 3
Mistinguish  as 9
Array is[3, 9, 9]
Right Number is 3
Mistinguish  as 9
Array is[3, 9, 9]
Right Number is 3
Mistinguish  as 8
Array is[3, 8, 8]
Right Number is 3
Mistinguish  as 8
Array is[3, 8, 8]
Right Number is 3
Mistinguish  as 8
Array is[8, 8, 8]
Right Number is 3
Mistinguish  as 9
Array is[3, 9, 9]
Right Number is 3
Mistinguish  as 9
Array is[3, 9, 9]
Right Number is 3
Mistinguish  as 9
Array is[9, 9, 8]
Right Number is 3
Mistinguish  as 8
Array is[3, 8, 8]
Right Number is 3
Mistinguish  as 9
Array is[9, 9, 8]
Right Number is 3
Mistinguish  as 9
Array is[9, 9, 9]
Right Number is 3
Mistinguish  as 8
Array is[8, 8, 8]
Right Number is 5
Mistinguish  as 6
Array is[5, 6, 6]
Right Number is 6
Mistinguish  as 8
Array is[8, 8, 5]
Right Number is 6
Mistinguish  as 8
Array is[8, 8, 8]
Right Number is 6
Mistinguish  as 5
Array is[5, 5, 5]
Right Number is 6
Mistinguish  as 5
Array is[5, 5, 8]
Right Number is 6
Mistinguish  as 8
Array is[8, 8, 8]
Right Number is 6
Mistinguish  as 5
Array is[5, 5, 5]
Right Number is 6
Mistinguish  as 8
Array is[8, 8, 6]
Right Number is 6
Mistinguish  as 8
Array is[8, 8, 9]
Right Number is 6
Mistinguish  as 8
Array is[6, 8, 8]
Right Number is 6
Mistinguish  as 8
Array is[8, 8, 6]
Right Number is 6
Mistinguish  as 8
Array is[6, 8, 8]
Right Number is 6
Mistinguish  as 4
Array is[4, 4, 4]
Right Number is 6
Mistinguish  as 8
Array is[4, 8, 8]
Right Number is 6
Mistinguish  as 8
Array is[8, 8, 8]
Right Number is 6
Mistinguish  as 8
Array is[8, 8, 8]
Right Number is 6
Mistinguish  as 8
Array is[8, 8, 5]
